[www.kazierfan.com/themes/medicre/medicre/index-3.html]
[backblue.gif]
[fade.gif]
[index.html]
[www.kazierfan.com/themes/medicre/medicre/img/favicon.png]
[www.kazierfan.com/themes/medicre/medicre/css/bootstrap.min.css]
[www.kazierfan.com/themes/medicre/medicre/css/font-awesome.min.css]
[www.kazierfan.com/themes/medicre/medicre/css/animate.min.css]
[www.kazierfan.com/themes/medicre/medicre/css/myslider.css]
[www.kazierfan.com/themes/medicre/medicre/css/magnific-popup.css]
[www.kazierfan.com/themes/medicre/medicre/css/slick.css]
[www.kazierfan.com/themes/medicre/medicre/css/reset.css]
[www.kazierfan.com/themes/medicre/medicre/style.css]
[www.kazierfan.com/themes/medicre/medicre/css/responsive.css]
[www.kazierfan.com/themes/medicre/medicre/img/logo.png]
[www.kazierfan.com/themes/medicre/medicre/index.html]
[www.kazierfan.com/themes/medicre/medicre/index-2.html]
[www.kazierfan.com/themes/medicre/medicre/about-1.html]
[www.kazierfan.com/themes/medicre/medicre/about-2.html]
[www.kazierfan.com/themes/medicre/medicre/about-3.html]
[www.kazierfan.com/themes/medicre/medicre/medical-stuff-1.html]
[www.kazierfan.com/themes/medicre/medicre/medical-stuff-2.html]
[www.kazierfan.com/themes/medicre/medicre/medical-stuff-3.html]
[www.kazierfan.com/themes/medicre/medicre/services-1.html]
[www.kazierfan.com/themes/medicre/medicre/services-2.html]
[www.kazierfan.com/themes/medicre/medicre/services-3.html]
[www.kazierfan.com/themes/medicre/medicre/news-1.html]
[www.kazierfan.com/themes/medicre/medicre/news-2.html]
[www.kazierfan.com/themes/medicre/medicre/news-3.html]
[www.kazierfan.com/themes/medicre/medicre/contact-1.html]
[www.kazierfan.com/themes/medicre/medicre/contact-2.html]
[www.kazierfan.com/themes/medicre/medicre/contact-3.html]
[www.kazierfan.com/themes/medicre/medicre/img/v3home.png]
[www.kazierfan.com/themes/medicre/medicre/img/nav-icon-1.png]
[www.kazierfan.com/themes/medicre/medicre/img/nav-icon-2.png]
[www.kazierfan.com/themes/medicre/medicre/img/nav-icon-3.png]
[www.kazierfan.com/themes/medicre/medicre/img/nav-icon-4.png]
[www.kazierfan.com/themes/medicre/medicre/img/nav-icon-5.png]
[www.kazierfan.com/themes/medicre/medicre/img/nav-icon-6.png]
[www.kazierfan.com/themes/medicre/medicre/img/v2tab.png]
[www.kazierfan.com/themes/medicre/medicre/img/spacialist-1.png]
[www.kazierfan.com/themes/medicre/medicre/img/spacialist-2.png]
[www.kazierfan.com/themes/medicre/medicre/img/spacialist-3.png]
[www.kazierfan.com/themes/medicre/medicre/img/client-1.png]
[www.kazierfan.com/themes/medicre/medicre/img/client-2.png]
[www.kazierfan.com/themes/medicre/medicre/single.html]
[www.kazierfan.com/themes/medicre/medicre/img/news-1.png]
[www.kazierfan.com/themes/medicre/medicre/img/news-2.png]
[www.kazierfan.com/themes/medicre/medicre/img/news-3.png]
[www.kazierfan.com/themes/medicre/medicre/img/brand2.png]
[www.kazierfan.com/themes/medicre/medicre/img/brand2-2.png]
[www.kazierfan.com/themes/medicre/medicre/img/brand2-3.png]
[www.kazierfan.com/themes/medicre/medicre/img/brand4-4.png]
[www.kazierfan.com/themes/medicre/medicre/img/brand5-5.png]
[www.kazierfan.com/themes/medicre/medicre/img/brand6-6.png]
[www.kazierfan.com/themes/medicre/medicre/img/recen-1.png]
[www.kazierfan.com/themes/medicre/medicre/img/recen-2.png]
[www.kazierfan.com/themes/medicre/medicre/img/recen-3.png]
[www.kazierfan.com/themes/medicre/medicre/js/jquery.min.js]
[www.kazierfan.com/themes/medicre/medicre/js/jquery.easing.1.3.js]
[www.kazierfan.com/themes/medicre/medicre/js/bootstrap.min.js]
[www.kazierfan.com/themes/medicre/medicre/js/magnific-popup.min.js]
[www.kazierfan.com/themes/medicre/medicre/js/slick.min.js]
[www.kazierfan.com/themes/medicre/medicre/js/jquery.nicescroll.min.js]
[www.kazierfan.com/themes/medicre/medicre/index-3.html]
[www.kazierfan.com/themes/medicre/medicre/js/active.js]
[www.kazierfan.com/themes/medicre/medicre/fonts/glyphicons-halflings-regular.eot]
[www.kazierfan.com/themes/medicre/medicre/fonts/glyphicons-halflings-regulard41d.eot]
[www.kazierfan.com/themes/medicre/medicre/fonts/glyphicons-halflings-regular.woff2]
[www.kazierfan.com/themes/medicre/medicre/fonts/glyphicons-halflings-regular.woff]
[www.kazierfan.com/themes/medicre/medicre/fonts/glyphicons-halflings-regular.ttf]
[www.kazierfan.com/themes/medicre/medicre/fonts/glyphicons-halflings-regular.svg]
[www.kazierfan.com/themes/medicre/medicre/css/bootstrap.min.css]
[www.kazierfan.com/themes/medicre/medicre/fonts/fontawesome-webfont3e6e.eot]
[www.kazierfan.com/themes/medicre/medicre/fonts/fontawesome-webfontd41d.eot]
[www.kazierfan.com/themes/medicre/medicre/fonts/fontawesome-webfont3e6e.woff2]
[www.kazierfan.com/themes/medicre/medicre/fonts/fontawesome-webfont3e6e.woff]
[www.kazierfan.com/themes/medicre/medicre/fonts/fontawesome-webfont3e6e.ttf]
[www.kazierfan.com/themes/medicre/medicre/css/font-awesome.min.css]
[www.kazierfan.com/themes/medicre/medicre/css/animate.min.css]
[www.kazierfan.com/themes/medicre/medicre/css/myslider.css]
[www.kazierfan.com/themes/medicre/medicre/css/magnific-popup.css]
[www.kazierfan.com/themes/medicre/medicre/css/slick.css]
[www.kazierfan.com/themes/medicre/medicre/fonts/fontawesome-webfont3e6e.svg]
[www.kazierfan.com/themes/medicre/medicre/img/preloader.gif]
[www.kazierfan.com/themes/medicre/medicre/css/reset.css]
[www.kazierfan.com/themes/medicre/medicre/img/tabshap.png]
[www.kazierfan.com/themes/medicre/medicre/img/tesshap.png]
[www.kazierfan.com/themes/medicre/medicre/style.css]
[www.kazierfan.com/themes/medicre/medicre/css/responsive.css]
[www.kazierfan.com/themes/medicre/medicre/img/top-icon-1.png]
[www.kazierfan.com/themes/medicre/medicre/img/top-icon-2.png]
[www.kazierfan.com/themes/medicre/medicre/img/top-icon-3.png]
[www.kazierfan.com/themes/medicre/medicre/img/banner.jpg]
[www.kazierfan.com/themes/medicre/medicre/img/service-1.png]
[www.kazierfan.com/themes/medicre/medicre/img/service-2.png]
[www.kazierfan.com/themes/medicre/medicre/img/service-3.png]
[www.kazierfan.com/themes/medicre/medicre/service-1.html]
[www.kazierfan.com/themes/medicre/medicre/img/department-img.png]
[www.kazierfan.com/themes/medicre/medicre/img/brand-1.png]
[www.kazierfan.com/themes/medicre/medicre/img/brand-2.png]
[www.kazierfan.com/themes/medicre/medicre/img/brand-3.png]
[www.kazierfan.com/themes/medicre/medicre/img/brand-4.png]
[www.kazierfan.com/themes/medicre/medicre/img/brand-5.png]
[www.kazierfan.com/themes/medicre/medicre/img/brand-6.png]
[www.kazierfan.com/themes/medicre/medicre/img/testimonial-1.png]
[www.kazierfan.com/themes/medicre/medicre/img/testimonial-2.png]
[www.kazierfan.com/themes/medicre/medicre/img/testimonial-3.png]
[www.kazierfan.com/themes/medicre/medicre/img/testimonial-4.png]
[www.kazierfan.com/themes/medicre/medicre/img/testimonial-6.png]
[www.kazierfan.com/themes/medicre/medicre/img/news.png]
[www.kazierfan.com/themes/medicre/medicre/img/news-post-1.png]
[www.kazierfan.com/themes/medicre/medicre/img/news-post-2.png]
[www.kazierfan.com/themes/medicre/medicre/img/news-post-3.png]
[www.kazierfan.com/themes/medicre/medicre/index.html]
[www.kazierfan.com/themes/medicre/medicre/img/v2f1.png]
[www.kazierfan.com/themes/medicre/medicre/img/v2f2.png]
[www.kazierfan.com/themes/medicre/medicre/img/v2f3.png]
[www.kazierfan.com/themes/medicre/medicre/img/blog-larg.png]
[www.kazierfan.com/themes/medicre/medicre/img/blog-1.png]
[www.kazierfan.com/themes/medicre/medicre/img/blog-2.png]
[www.kazierfan.com/themes/medicre/medicre/img/blog-3.png]
[www.kazierfan.com/themes/medicre/medicre/index-2.html]
[www.kazierfan.com/themes/medicre/medicre/img/aboutimg.jpg]
[www.kazierfan.com/themes/medicre/medicre/about-1.html]
[www.kazierfan.com/themes/medicre/medicre/img/aboutv2img-2.jpg]
[www.kazierfan.com/themes/medicre/medicre/about-2.html]
[www.kazierfan.com/themes/medicre/medicre/about-3.html]
[www.kazierfan.com/themes/medicre/medicre/img/md-stuff-1.png]
[www.kazierfan.com/themes/medicre/medicre/img/md-stuff-2.png]
[www.kazierfan.com/themes/medicre/medicre/img/md-stuff-3.png]
[www.kazierfan.com/themes/medicre/medicre/img/md-stuff-4.png]
[www.kazierfan.com/themes/medicre/medicre/img/md-stuff-5.png]
[www.kazierfan.com/themes/medicre/medicre/img/md-stuff-6.png]
[www.kazierfan.com/themes/medicre/medicre/medical-stuff-1.html]
[www.kazierfan.com/themes/medicre/medicre/medical-stuff-2.html]
[www.kazierfan.com/themes/medicre/medicre/medical-stuff-3.html]
[www.kazierfan.com/themes/medicre/medicre/services-1.html]
[www.kazierfan.com/themes/medicre/medicre/services-2.html]
[www.kazierfan.com/themes/medicre/medicre/services-3.html]
[www.kazierfan.com/themes/medicre/medicre/img/single-news-1.jpg]
[www.kazierfan.com/themes/medicre/medicre/img/w-2.png]
[www.kazierfan.com/themes/medicre/medicre/img/w-1.png]
[www.kazierfan.com/themes/medicre/medicre/img/w3.png]
[www.kazierfan.com/themes/medicre/medicre/news-1.html]
[www.kazierfan.com/themes/medicre/medicre/img/v2n-1.png]
[www.kazierfan.com/themes/medicre/medicre/news-2.html]
[www.kazierfan.com/themes/medicre/medicre/news-3.html]
[www.kazierfan.com/themes/medicre/medicre/js/gmap.js]
[www.kazierfan.com/themes/medicre/medicre/contact-1.html]
[www.kazierfan.com/themes/medicre/medicre/contact-2.html]
[www.kazierfan.com/themes/medicre/medicre/contact-3.html]
[www.kazierfan.com/themes/medicre/medicre/img/v2n-2.png]
[www.kazierfan.com/themes/medicre/medicre/single-news.7b.delayed]
[www.kazierfan.com/themes/medicre/medicre/single.html]
[www.kazierfan.com/themes/medicre/medicre/js/jquery.min.js]
[www.kazierfan.com/themes/medicre/medicre/js/jquery.easing.1.3.js]
[www.kazierfan.com/themes/medicre/medicre/Popover requires tooltip.js]
[www.kazierfan.com/themes/medicre/medicre/js/bootstrap.min.js]
[www.kazierfan.com/themes/medicre/medicre/js/magnific-popup.min.js]
[www.kazierfan.com/themes/medicre/medicre/js/slick.min.js]
[www.kazierfan.com/themes/medicre/medicre/js/jquery.nicescroll.min.js]
[www.kazierfan.com/themes/medicre/medicre/js/active.js]
[www.kazierfan.com/themes/medicre/medicre/fonts/glyphicons-halflings-regular.html]
[www.kazierfan.com/themes/medicre/medicre/fonts/glyphicons-halflings-regular.svg]
[www.kazierfan.com/themes/medicre/medicre/fonts/fontawesome-webfont3e6e.svg]
[www.kazierfan.com/themes/medicre/medicre/service-1.html]
[www.kazierfan.com/themes/medicre/medicre/js/gmap.js]
[www.kazierfan.com/themes/medicre/medicre/single-news.html]
[www.kazierfan.com/themes/medicre/medicre/Popover requires tooltip.html]
