[wphix.com/template/sycho-prv/sycho/index.html]
[backblue.gif]
[fade.gif]
[index.html]
[wphix.com/template/sycho-prv/sycho/assets/img/favicon.jpg]
[wphix.com/template/sycho-prv/sycho/assets/css/preloader.css]
[wphix.com/template/sycho-prv/sycho/assets/css/bootstrap.min.css]
[wphix.com/template/sycho-prv/sycho/assets/css/slick.css]
[wphix.com/template/sycho-prv/sycho/assets/css/metisMenu.css]
[wphix.com/template/sycho-prv/sycho/assets/css/owl.carousel.min.css]
[wphix.com/template/sycho-prv/sycho/assets/css/animate.min.css]
[wphix.com/template/sycho-prv/sycho/assets/css/jquery.fancybox.min.css]
[wphix.com/template/sycho-prv/sycho/assets/css/all.min.css]
[wphix.com/template/sycho-prv/sycho/assets/css/flaticon.css]
[wphix.com/template/sycho-prv/sycho/assets/css/nice-select.css]
[wphix.com/template/sycho-prv/sycho/assets/css/default.css]
[wphix.com/template/sycho-prv/sycho/assets/css/style.css]
[wphix.com/template/sycho-prv/sycho/assets/img/logo/logo.png]
[wphix.com/template/sycho-prv/sycho/index-2.html]
[wphix.com/template/sycho-prv/sycho/index-3.html]
[wphix.com/template/sycho-prv/sycho/about-us.html]
[wphix.com/template/sycho-prv/sycho/about-me.html]
[wphix.com/template/sycho-prv/sycho/services.html]
[wphix.com/template/sycho-prv/sycho/services-details.html]
[wphix.com/template/sycho-prv/sycho/case.html]
[wphix.com/template/sycho-prv/sycho/case-details.html]
[wphix.com/template/sycho-prv/sycho/team.html]
[wphix.com/template/sycho-prv/sycho/team-details.html]
[wphix.com/template/sycho-prv/sycho/events.html]
[wphix.com/template/sycho-prv/sycho/appointment.html]
[wphix.com/template/sycho-prv/sycho/blog.html]
[wphix.com/template/sycho-prv/sycho/blog-left-sidebar.html]
[wphix.com/template/sycho-prv/sycho/blog-no-sidebar.html]
[wphix.com/template/sycho-prv/sycho/blog-2-col.html]
[wphix.com/template/sycho-prv/sycho/blog-2-col-mas.html]
[wphix.com/template/sycho-prv/sycho/blog-3-col.html]
[wphix.com/template/sycho-prv/sycho/blog-3-col-mas.html]
[wphix.com/template/sycho-prv/sycho/blog-details.html]
[wphix.com/template/sycho-prv/sycho/blog-details-left.html]
[wphix.com/template/sycho-prv/sycho/blog-details-video.html]
[wphix.com/template/sycho-prv/sycho/blog-details-audio.html]
[wphix.com/template/sycho-prv/sycho/blog-details-gallery.html]
[wphix.com/template/sycho-prv/sycho/contact.html]
[wphix.com/template/sycho-prv/sycho/assets/img/slider/slider-bg.jpg]
[wphix.com/template/sycho-prv/sycho/assets/img/slider/slider-humb.jpg]
[wphix.com/template/sycho-prv/sycho/assets/img/slider/slider-humb-2.jpg]
[wphix.com/template/sycho-prv/sycho/assets/img/bg/pattern-2.jpg]
[wphix.com/template/sycho-prv/sycho/assets/img/about/about.jpg]
[wphix.com/template/sycho-prv/sycho/assets/img/about/ab-pattern.png]
[wphix.com/template/sycho-prv/sycho/assets/img/icon/sec-icon-1.png]
[wphix.com/template/sycho-prv/sycho/assets/img/about/author.png]
[wphix.com/template/sycho-prv/sycho/assets/img/services/services-1.jpg]
[wphix.com/template/sycho-prv/sycho/assets/img/services/services-2.jpg]
[wphix.com/template/sycho-prv/sycho/assets/img/services/services-3.jpg]
[wphix.com/template/sycho-prv/sycho/assets/img/services/services-4.jpg]
[wphix.com/template/sycho-prv/sycho/assets/img/services/services-5.jpg]
[wphix.com/template/sycho-prv/sycho/assets/img/services/services-6.jpg]
[wphix.com/template/sycho-prv/sycho/assets/img/sychologist/sychologist-person.png]
[wphix.com/template/sycho-prv/sycho/assets/img/sychologist/signature.png]
[wphix.com/template/sycho-prv/sycho/assets/img/case/case-1.jpg]
[wphix.com/template/sycho-prv/sycho/assets/img/case/case-2.jpg]
[wphix.com/template/sycho-prv/sycho/assets/img/case/case-3.jpg]
[wphix.com/template/sycho-prv/sycho/assets/img/case/case-4.jpg]
[wphix.com/template/sycho-prv/sycho/assets/img/bg/pattern-3.jpg]
[wphix.com/template/sycho-prv/sycho/assets/img/client/client-1.png]
[wphix.com/template/sycho-prv/sycho/assets/img/client/client-2.png]
[wphix.com/template/sycho-prv/sycho/assets/img/client/client-3.png]
[wphix.com/template/sycho-prv/sycho/assets/img/client/client-4.png]
[wphix.com/template/sycho-prv/sycho/assets/img/client/client-5.png]
[wphix.com/template/sycho-prv/sycho/assets/img/pricing/price-1.jpg]
[wphix.com/template/sycho-prv/sycho/assets/img/pricing/price-2.jpg]
[wphix.com/template/sycho-prv/sycho/assets/img/pricing/price-3.jpg]
[wphix.com/template/sycho-prv/sycho/assets/img/icon/sec-icon-2.png]
[wphix.com/template/sycho-prv/sycho/assets/img/testimonial/quote.png]
[wphix.com/template/sycho-prv/sycho/assets/img/testimonial/person-1.png]
[wphix.com/template/sycho-prv/sycho/assets/img/testimonial/person-2.png]
[wphix.com/template/sycho-prv/sycho/assets/img/testimonial/person-3.png]
[wphix.com/template/sycho-prv/sycho/assets/img/blog/blog-1.jpg]
[wphix.com/template/sycho-prv/sycho/assets/img/blog/blog-2.jpg]
[wphix.com/template/sycho-prv/sycho/assets/img/blog/blog-3.jpg]
[wphix.com/template/sycho-prv/sycho/assets/img/award/award-1.png]
[wphix.com/template/sycho-prv/sycho/assets/img/award/award-2.png]
[wphix.com/template/sycho-prv/sycho/assets/img/award/award-3.png]
[wphix.com/template/sycho-prv/sycho/assets/img/award/award-4.png]
[wphix.com/template/sycho-prv/sycho/assets/img/award/award-5.png]
[wphix.com/cdn-cgi/scripts/5c5dd728/cloudflare-static/email-decode.min.js]
[wphix.com/template/sycho-prv/sycho/assets/js/vendor/modernizr-3.5.0.min.js]
[wphix.com/template/sycho-prv/sycho/assets/js/vendor/jquery-1.12.4.min.js]
[wphix.com/template/sycho-prv/sycho/assets/js/vendor/waypoints.min.js]
[wphix.com/template/sycho-prv/sycho/assets/js/popper.min.js]
[wphix.com/template/sycho-prv/sycho/assets/js/bootstrap.min.js]
[wphix.com/template/sycho-prv/sycho/assets/js/metisMenu.min.js]
[wphix.com/template/sycho-prv/sycho/assets/js/slick.min.js]
[wphix.com/template/sycho-prv/sycho/assets/js/jquery.fancybox.min.js]
[wphix.com/template/sycho-prv/sycho/assets/js/isotope.pkgd.min.js]
[wphix.com/template/sycho-prv/sycho/assets/js/owl.carousel.min.js]
[wphix.com/template/sycho-prv/sycho/assets/js/ajax-form.js]
[wphix.com/template/sycho-prv/sycho/assets/js/jquery.nice-select.min.js]
[wphix.com/template/sycho-prv/sycho/assets/js/wow.min.js]
[wphix.com/template/sycho-prv/sycho/assets/js/imagesloaded.pkgd.min.js]
[wphix.com/template/sycho-prv/sycho/assets/js/jquery.counterup.min.js]
[wphix.com/template/sycho-prv/sycho/index.html]
[wphix.com/template/sycho-prv/sycho/assets/css/preloader.css]
[wphix.com/template/sycho-prv/sycho/assets/css/bootstrap.min.css]
[wphix.com/template/sycho-prv/sycho/assets/css/slick.css]
[wphix.com/template/sycho-prv/sycho/assets/css/metisMenu.css]
[wphix.com/template/sycho-prv/sycho/assets/js/main.js]
[wphix.com/template/sycho-prv/sycho/assets/css/owl.carousel.min.css]
[wphix.com/template/sycho-prv/sycho/assets/css/animate.min.css]
[wphix.com/template/sycho-prv/sycho/assets/css/jquery.fancybox.min.css]
[wphix.com/template/sycho-prv/sycho/assets/css/owl.video.play.html]
[wphix.com/template/sycho-prv/sycho/assets/fonts/fa-brands-400.eot]
[wphix.com/template/sycho-prv/sycho/assets/fonts/fa-brands-400d41d.eot]
[wphix.com/template/sycho-prv/sycho/assets/fonts/fa-brands-400.woff2]
[wphix.com/template/sycho-prv/sycho/assets/fonts/fa-brands-400.woff]
[wphix.com/template/sycho-prv/sycho/assets/fonts/fa-brands-400.ttf]
[wphix.com/template/sycho-prv/sycho/assets/fonts/fa-brands-400.svg]
[wphix.com/template/sycho-prv/sycho/assets/fonts/fa-duotone-900.eot]
[wphix.com/template/sycho-prv/sycho/assets/fonts/fa-duotone-900d41d.eot]
[wphix.com/template/sycho-prv/sycho/assets/fonts/fa-duotone-900.woff2]
[wphix.com/template/sycho-prv/sycho/assets/fonts/fa-duotone-900.woff]
[wphix.com/template/sycho-prv/sycho/assets/fonts/fa-duotone-900.ttf]
[wphix.com/template/sycho-prv/sycho/assets/fonts/fa-duotone-900.svg]
[wphix.com/template/sycho-prv/sycho/assets/fonts/fa-light-300.eot]
[wphix.com/template/sycho-prv/sycho/assets/fonts/fa-light-300d41d.eot]
[wphix.com/template/sycho-prv/sycho/assets/fonts/fa-light-300.woff2]
[wphix.com/template/sycho-prv/sycho/assets/fonts/fa-light-300.woff]
[wphix.com/template/sycho-prv/sycho/assets/fonts/fa-light-300.ttf]
[wphix.com/template/sycho-prv/sycho/assets/fonts/fa-light-300.svg]
[wphix.com/template/sycho-prv/sycho/assets/fonts/fa-regular-400.eot]
[wphix.com/template/sycho-prv/sycho/assets/fonts/fa-regular-400d41d.eot]
[wphix.com/template/sycho-prv/sycho/assets/fonts/fa-regular-400.woff2]
[wphix.com/template/sycho-prv/sycho/assets/fonts/fa-regular-400.woff]
[wphix.com/template/sycho-prv/sycho/assets/fonts/fa-regular-400.ttf]
[wphix.com/template/sycho-prv/sycho/assets/fonts/fa-regular-400.svg]
[wphix.com/template/sycho-prv/sycho/assets/fonts/fa-solid-900.eot]
[wphix.com/template/sycho-prv/sycho/assets/fonts/fa-solid-900d41d.eot]
[wphix.com/template/sycho-prv/sycho/assets/fonts/fa-solid-900.woff2]
[wphix.com/template/sycho-prv/sycho/assets/fonts/fa-solid-900.woff]
[wphix.com/template/sycho-prv/sycho/assets/fonts/fa-solid-900.ttf]
[wphix.com/template/sycho-prv/sycho/assets/css/all.min.css]
[wphix.com/template/sycho-prv/sycho/assets/fonts/fa-solid-900.svg]
[wphix.com/template/sycho-prv/sycho/assets/fonts/index.html]
[wphix.com/template/sycho-prv/sycho/assets/fonts/indexd41d.html]
[wphix.com/template/sycho-prv/sycho/assets/fonts/Flaticon.woff2]
[wphix.com/template/sycho-prv/sycho/assets/fonts/Flaticon.woff]
[wphix.com/template/sycho-prv/sycho/assets/fonts/Flaticon.ttf]
[wphix.com/template/sycho-prv/sycho/assets/css/flaticon.css]
[wphix.com/template/sycho-prv/sycho/assets/css/nice-select.css]
[wphix.com/template/sycho-prv/sycho/assets/css/default.css]
[wphix.com/template/sycho-prv/sycho/assets/css/style.css]
[wphix.com/template/sycho-prv/sycho/assets/fonts/Flaticon.svg]
[wphix.com/template/sycho-prv/sycho/assets/img/slider/02/slider-1.jpg]
[wphix.com/template/sycho-prv/sycho/assets/img/slider/02/slider-2.jpg]
[wphix.com/template/sycho-prv/sycho/assets/img/slider/02/slider-3.jpg]
[wphix.com/template/sycho-prv/sycho/assets/img/award/list/award-list-1.png]
[wphix.com/template/sycho-prv/sycho/assets/img/award/list/award-list-2.png]
[wphix.com/template/sycho-prv/sycho/assets/img/award/list/award-list-3.png]
[wphix.com/template/sycho-prv/sycho/assets/img/appointment/appointment-mission.jpg]
[wphix.com/template/sycho-prv/sycho/assets/img/team/team-1.jpg]
[wphix.com/template/sycho-prv/sycho/assets/img/team/team-2.jpg]
[wphix.com/template/sycho-prv/sycho/assets/img/team/team-3.jpg]
[wphix.com/template/sycho-prv/sycho/assets/img/about/about-2.jpg]
[wphix.com/template/sycho-prv/sycho/assets/img/why/why-img.jpg]
[wphix.com/template/sycho-prv/sycho/assets/img/case/02/case-01.jpg]
[wphix.com/template/sycho-prv/sycho/assets/img/case/02/case-02.jpg]
[wphix.com/template/sycho-prv/sycho/assets/img/case/02/case-03.jpg]
[wphix.com/template/sycho-prv/sycho/assets/img/faq/faq-img.jpg]
[wphix.com/template/sycho-prv/sycho/assets/img/blog/02/blog-01.jpg]
[wphix.com/template/sycho-prv/sycho/assets/img/blog/02/blog-02.jpg]
[wphix.com/template/sycho-prv/sycho/index-2.html]
[wphix.com/template/sycho-prv/sycho/assets/img/slider/03/slider-01.jpg]
[wphix.com/template/sycho-prv/sycho/assets/img/slider/03/slider-02.jpg]
[wphix.com/template/sycho-prv/sycho/assets/img/about/about-3.jpg]
[wphix.com/template/sycho-prv/sycho/assets/img/project/project-1.jpg]
[wphix.com/template/sycho-prv/sycho/assets/img/project/project-2.jpg]
[wphix.com/template/sycho-prv/sycho/assets/img/project/project-3.jpg]
[wphix.com/template/sycho-prv/sycho/assets/img/project/project-4.jpg]
[wphix.com/template/sycho-prv/sycho/assets/img/team/03/team-01.jpg]
[wphix.com/template/sycho-prv/sycho/assets/img/team/03/team-02.jpg]
[wphix.com/template/sycho-prv/sycho/assets/img/team/03/team-03.jpg]
[wphix.com/template/sycho-prv/sycho/assets/img/counter/counter-bg.jpg]
[wphix.com/template/sycho-prv/sycho/assets/img/why/why-img-03.jpg]
[wphix.com/template/sycho-prv/sycho/assets/img/testimonial/testimonial-img.jpg]
[wphix.com/template/sycho-prv/sycho/assets/img/testimonial/shape-1.png]
[wphix.com/template/sycho-prv/sycho/assets/img/testimonial/shape-2.png]
[wphix.com/template/sycho-prv/sycho/assets/img/blog/03/blog-01.jpg]
[wphix.com/template/sycho-prv/sycho/assets/img/blog/03/blog-02.jpg]
[wphix.com/template/sycho-prv/sycho/assets/img/blog/03/blog-03.jpg]
[wphix.com/template/sycho-prv/sycho/assets/img/contact/contact-bg.jpg]
[wphix.com/template/sycho-prv/sycho/assets/img/client/03/client-01.png]
[wphix.com/template/sycho-prv/sycho/assets/img/client/03/client-02.png]
[wphix.com/template/sycho-prv/sycho/assets/img/client/03/client-03.png]
[wphix.com/template/sycho-prv/sycho/assets/img/client/03/client-04.png]
[wphix.com/template/sycho-prv/sycho/assets/img/client/03/client-05.png]
[wphix.com/template/sycho-prv/sycho/assets/img/insta/insta-1.jpg]
[wphix.com/template/sycho-prv/sycho/assets/img/insta/insta-2.jpg]
[wphix.com/template/sycho-prv/sycho/assets/img/insta/insta-3.jpg]
[wphix.com/template/sycho-prv/sycho/assets/img/insta/insta-4.jpg]
[wphix.com/template/sycho-prv/sycho/assets/img/insta/insta-5.jpg]
[wphix.com/template/sycho-prv/sycho/assets/img/insta/insta-6.jpg]
[wphix.com/template/sycho-prv/sycho/index-3.html]
[wphix.com/template/sycho-prv/sycho/assets/img/page-title/page-title.jpg]
[wphix.com/template/sycho-prv/sycho/about-us.html]
[wphix.com/template/sycho-prv/sycho/assets/img/page-title/page-title-2.jpg]
[wphix.com/template/sycho-prv/sycho/assets/img/why/why-img-02.jpg]
[wphix.com/template/sycho-prv/sycho/about-me.html]
[wphix.com/template/sycho-prv/sycho/assets/img/page-title/page-title-4.jpg]
[wphix.com/template/sycho-prv/sycho/services.html]
[wphix.com/template/sycho-prv/sycho/assets/img/page-title/page-title-5.jpg]
[wphix.com/template/sycho-prv/sycho/assets/img/services/services-support.jpg]
[wphix.com/template/sycho-prv/sycho/assets/img/services/details/services-details-img.jpg]
[wphix.com/template/sycho-prv/sycho/assets/img/services/details/services-details-sm.jpg]
[wphix.com/template/sycho-prv/sycho/assets/img/services/details/services-details-sm-2.jpg]
[wphix.com/template/sycho-prv/sycho/assets/img/services/details/services-video-bg.jpg]
[wphix.com/template/sycho-prv/sycho/services-details.html]
[wphix.com/template/sycho-prv/sycho/assets/img/page-title/page-title-6.jpg]
[wphix.com/template/sycho-prv/sycho/assets/img/case/02/case-04.jpg]
[wphix.com/template/sycho-prv/sycho/assets/img/case/02/case-05.jpg]
[wphix.com/template/sycho-prv/sycho/assets/img/case/02/case-06.jpg]
[wphix.com/template/sycho-prv/sycho/case.html]
[wphix.com/template/sycho-prv/sycho/index-4.html]
[wphix.com/template/sycho-prv/sycho/about.html]
[wphix.com/template/sycho-prv/sycho/assets/img/case/details/case-details-img.jpg]
[wphix.com/template/sycho-prv/sycho/assets/img/case/details/case-details-person.jpg]
[wphix.com/template/sycho-prv/sycho/assets/img/case/details/case-details-sm-1.jpg]
[wphix.com/template/sycho-prv/sycho/assets/img/case/details/case-details-sm-2.jpg]
[wphix.com/template/sycho-prv/sycho/assets/img/case/details/case-details-sm-3.jpg]
[wphix.com/template/sycho-prv/sycho/assets/img/case/details/case-details-sm-4.jpg]
[wphix.com/template/sycho-prv/sycho/assets/img/case/details/case-details-video.jpg]
[wphix.com/template/sycho-prv/sycho/case-details.html]
[wphix.com/template/sycho-prv/sycho/assets/img/page-title/page-title-3.jpg]
[wphix.com/template/sycho-prv/sycho/assets/img/team/team-4.jpg]
[wphix.com/template/sycho-prv/sycho/assets/img/team/team-5.jpg]
[wphix.com/template/sycho-prv/sycho/team.html]
[wphix.com/template/sycho-prv/sycho/assets/img/team/achive-1.png]
[wphix.com/template/sycho-prv/sycho/assets/img/team/achive-2.png]
[wphix.com/template/sycho-prv/sycho/assets/img/team/achive-3.png]
[wphix.com/template/sycho-prv/sycho/assets/img/team/achive-4.png]
[wphix.com/template/sycho-prv/sycho/assets/img/team/achive-5.png]
[wphix.com/template/sycho-prv/sycho/team-details.html]
[wphix.com/template/sycho-prv/sycho/assets/img/page-title/page-title-7.jpg]
[wphix.com/template/sycho-prv/sycho/assets/img/event/event-1.jpg]
[wphix.com/template/sycho-prv/sycho/assets/img/event/event-2.jpg]
[wphix.com/template/sycho-prv/sycho/assets/img/event/event-3.jpg]
[wphix.com/template/sycho-prv/sycho/assets/img/event/event-4.jpg]
[wphix.com/template/sycho-prv/sycho/assets/img/event/event-5.jpg]
[wphix.com/template/sycho-prv/sycho/assets/img/event/event-6.jpg]
[wphix.com/template/sycho-prv/sycho/events.html]
[wphix.com/template/sycho-prv/sycho/appointment.html]
[wphix.com/template/sycho-prv/sycho/assets/img/blog/blog-big-1.jpg]
[wphix.com/template/sycho-prv/sycho/assets/img/blog/video/blog-video.jpg]
[wphix.com/template/sycho-prv/sycho/assets/img/blog/gallery/blog-gallary-1.jpg]
[wphix.com/template/sycho-prv/sycho/assets/img/blog/gallery/blog-gallary-2.jpg]
[wphix.com/template/sycho-prv/sycho/assets/img/blog/gallery/blog-gallary-3.jpg]
[wphix.com/template/sycho-prv/sycho/assets/img/blog/about/about-me.jpg]
[wphix.com/template/sycho-prv/sycho/assets/img/blog/sidebar/blog-sm-1.jpg]
[wphix.com/template/sycho-prv/sycho/assets/img/blog/sidebar/blog-sm-2.jpg]
[wphix.com/template/sycho-prv/sycho/assets/img/blog/sidebar/blog-sm-3.jpg]
[wphix.com/template/sycho-prv/sycho/assets/img/insta/insta-7.jpg]
[wphix.com/template/sycho-prv/sycho/assets/img/insta/insta-8.jpg]
[wphix.com/template/sycho-prv/sycho/assets/img/insta/insta-9.jpg]
[wphix.com/template/sycho-prv/sycho/assets/img/blog/banner/banner.jpg]
[wphix.com/template/sycho-prv/sycho/blog.html]
[wphix.com/template/sycho-prv/sycho/blog-left-sidebar.html]
[wphix.com/template/sycho-prv/sycho/blog-no-sidebar.html]
[wphix.com/template/sycho-prv/sycho/assets/img/blog/blog-big-3.jpg]
[wphix.com/template/sycho-prv/sycho/assets/img/blog/video/blog-video-2.jpg]
[wphix.com/template/sycho-prv/sycho/assets/img/blog/gallery/blog-gallary-4.jpg]
[wphix.com/template/sycho-prv/sycho/assets/img/blog/gallery/blog-gallary-5.jpg]
[wphix.com/template/sycho-prv/sycho/assets/img/blog/gallery/blog-gallary-6.jpg]
[wphix.com/template/sycho-prv/sycho/blog-2-col.html]
[wphix.com/template/sycho-prv/sycho/assets/img/blog/ms/blog-ms-1.jpg]
[wphix.com/template/sycho-prv/sycho/assets/img/blog/ms/blog-ms-2.jpg]
[wphix.com/template/sycho-prv/sycho/blog-2-col-mas.html]
[wphix.com/template/sycho-prv/sycho/blog-3-col.html]
[wphix.com/template/sycho-prv/sycho/blog-3-col-mas.html]
[wphix.com/template/sycho-prv/sycho/assets/img/blog/blog-big-2.jpg]
[wphix.com/template/sycho-prv/sycho/assets/img/icon/filter.png]
[wphix.com/template/sycho-prv/sycho/assets/img/blog/author/author.jpg]
[wphix.com/template/sycho-prv/sycho/assets/img/blog/comments/comments-1.jpg]
[wphix.com/template/sycho-prv/sycho/assets/img/blog/comments/comments-2.jpg]
[wphix.com/template/sycho-prv/sycho/assets/img/blog/comments/comments-3.jpg]
[wphix.com/template/sycho-prv/sycho/blog-details.html]
[wphix.com/template/sycho-prv/sycho/blog-details-left.html]
[wphix.com/template/sycho-prv/sycho/blog-details-video.html]
[wphix.com/template/sycho-prv/sycho/blog-details-audio.html]
[wphix.com/template/sycho-prv/sycho/blog-details-gallery.html]
[wphix.com/template/sycho-prv/sycho/contact.html]
[wphix.com/template/sycho-prv/sycho/assets/css/owl.video.play.html]
[wphix.com/template/sycho-prv/sycho/assets/fonts/fa-brands-400.svg]
[wphix.com/template/sycho-prv/sycho/assets/fonts/fa-duotone-900.svg]
[wphix.com/template/sycho-prv/sycho/assets/fonts/fa-light-300.svg]
[wphix.com/template/sycho-prv/sycho/assets/fonts/fa-regular-400.svg]
[wphix.com/template/sycho-prv/sycho/assets/fonts/fa-solid-900.svg]
[wphix.com/template/sycho-prv/sycho/assets/fonts/index.html]
[wphix.com/template/sycho-prv/sycho/assets/fonts/indexd41d.html]
[wphix.com/template/sycho-prv/sycho/assets/fonts/Flaticon.svg]
[wphix.com/template/sycho-prv/sycho/index-4.html]
[wphix.com/template/sycho-prv/sycho/about.html]
