[template.wphix.com/vamary-prv/vamary/index.html]
[backblue.gif]
[fade.gif]
[index.html]
[template.wphix.com/vamary-prv/vamary/assets/img/logo/favicon.png]
[template.wphix.com/vamary-prv/vamary/assets/css/bootstrap.css]
[template.wphix.com/vamary-prv/vamary/assets/css/animate.css]
[template.wphix.com/vamary-prv/vamary/assets/css/swiper-bundle.css]
[template.wphix.com/vamary-prv/vamary/assets/css/slick.css]
[template.wphix.com/vamary-prv/vamary/assets/css/nouislider.css]
[template.wphix.com/vamary-prv/vamary/assets/css/magnific-popup.css]
[template.wphix.com/vamary-prv/vamary/assets/css/splide.css]
[template.wphix.com/vamary-prv/vamary/assets/css/odometer.css]
[template.wphix.com/vamary-prv/vamary/assets/css/font-awesome-pro.css]
[template.wphix.com/vamary-prv/vamary/assets/css/spacing.css]
[template.wphix.com/vamary-prv/vamary/assets/css/main.css]
[template.wphix.com/vamary-prv/vamary/assets/img/logo/logo-white.png]
[template.wphix.com/vamary-prv/vamary/assets/img/menu/home-1.jpg]
[template.wphix.com/vamary-prv/vamary/assets/img/menu/home-2.jpg]
[template.wphix.com/vamary-prv/vamary/index-2.html]
[template.wphix.com/vamary-prv/vamary/assets/img/menu/home-3.jpg]
[template.wphix.com/vamary-prv/vamary/index-3.html]
[template.wphix.com/vamary-prv/vamary/assets/img/menu/home-4.jpg]
[template.wphix.com/vamary-prv/vamary/index-4.html]
[template.wphix.com/vamary-prv/vamary/assets/img/menu/home-5.jpg]
[template.wphix.com/vamary-prv/vamary/index-5.html]
[template.wphix.com/vamary-prv/vamary/assets/img/menu/home-6.jpg]
[template.wphix.com/vamary-prv/vamary/index-6.html]
[template.wphix.com/vamary-prv/vamary/assets/img/menu/home-7.jpg]
[template.wphix.com/vamary-prv/vamary/index-7.html]
[template.wphix.com/vamary-prv/vamary/comming-soon.html]
[template.wphix.com/vamary-prv/vamary/about.html]
[template.wphix.com/vamary-prv/vamary/case.html]
[template.wphix.com/vamary-prv/vamary/case-details.html]
[template.wphix.com/vamary-prv/vamary/services.html]
[template.wphix.com/vamary-prv/vamary/service-details.html]
[template.wphix.com/vamary-prv/vamary/team.html]
[template.wphix.com/vamary-prv/vamary/team-details.html]
[template.wphix.com/vamary-prv/vamary/pricing.html]
[template.wphix.com/vamary-prv/vamary/faq.html]
[template.wphix.com/vamary-prv/vamary/appointment.html]
[template.wphix.com/vamary-prv/vamary/blog.html]
[template.wphix.com/vamary-prv/vamary/blog-grid.html]
[template.wphix.com/vamary-prv/vamary/blog-details.html]
[template.wphix.com/vamary-prv/vamary/shop.html]
[template.wphix.com/vamary-prv/vamary/shop-details.html]
[template.wphix.com/vamary-prv/vamary/cart.html]
[template.wphix.com/vamary-prv/vamary/checkout.html]
[template.wphix.com/vamary-prv/vamary/wishlist.html]
[template.wphix.com/vamary-prv/vamary/order.html]
[template.wphix.com/vamary-prv/vamary/login.html]
[template.wphix.com/vamary-prv/vamary/register.html]
[template.wphix.com/vamary-prv/vamary/forgot.html]
[template.wphix.com/vamary-prv/vamary/contact.html]
[template.wphix.com/vamary-prv/vamary/assets/img/logo/logo.png]
[template.wphix.com/vamary-prv/vamary/assets/img/banner/banner-1-img-1.png]
[template.wphix.com/vamary-prv/vamary/assets/img/banner/banner-1shape-1.svg]
[template.wphix.com/vamary-prv/vamary/assets/img/banner/banner-1shape-2.svg]
[template.wphix.com/vamary-prv/vamary/assets/img/banner/video-1-bg-1.jpg]
[template.wphix.com/vamary-prv/vamary/assets/img/about/about-thumb-1.png]
[template.wphix.com/vamary-prv/vamary/assets/img/about/about-1-shape-1.png]
[template.wphix.com/vamary-prv/vamary/assets/img/about/about-1-shape-2.png]
[template.wphix.com/vamary-prv/vamary/assets/img/brand/sponsor-1.svg]
[template.wphix.com/vamary-prv/vamary/assets/img/brand/sponsor-2.svg]
[template.wphix.com/vamary-prv/vamary/assets/img/brand/sponsor-3.svg]
[template.wphix.com/vamary-prv/vamary/assets/img/brand/sponsor-4.svg]
[template.wphix.com/vamary-prv/vamary/assets/img/before-after/before-after-1.jpg]
[template.wphix.com/vamary-prv/vamary/assets/img/before-after/before-after-2.jpg]
[template.wphix.com/vamary-prv/vamary/assets/img/team/team-1.jpg]
[template.wphix.com/vamary-prv/vamary/assets/img/team/team-2.jpg]
[template.wphix.com/vamary-prv/vamary/assets/img/team/team-3.jpg]
[template.wphix.com/vamary-prv/vamary/assets/img/shape/form-shape-1.png]
[template.wphix.com/vamary-prv/vamary/assets/img/shape/form-shape-2.png]
[template.wphix.com/vamary-prv/vamary/assets/img/testimonial/testimonial-1-bg-1.png]
[template.wphix.com/vamary-prv/vamary/assets/img/testimonial/testimonial-1-bg-2.png]
[template.wphix.com/vamary-prv/vamary/assets/img/testimonial/testimonial-author-1.png]
[template.wphix.com/vamary-prv/vamary/assets/img/testimonial/testimonial-author-2.png]
[template.wphix.com/vamary-prv/vamary/assets/img/testimonial/testimonial-author-3.png]
[template.wphix.com/vamary-prv/vamary/assets/img/banner/cta-bg.jpg]
[template.wphix.com/vamary-prv/vamary/assets/img/blog/blog-sm-1.jpg]
[template.wphix.com/vamary-prv/vamary/assets/img/blog/blog-sm-2.jpg]
[template.wphix.com/vamary-prv/vamary/assets/img/blog/blog-sm-3.jpg]
[template.wphix.com/vamary-prv/vamary/assets/img/shape/brand-slider-icon-1.png]
[template.wphix.com/vamary-prv/vamary/assets/js/vendor/jquery.js]
[template.wphix.com/vamary-prv/vamary/assets/js/vendor/waypoints.js]
[template.wphix.com/vamary-prv/vamary/assets/js/bootstrap-bundle.js]
[template.wphix.com/vamary-prv/vamary/assets/js/meanmenu.js]
[template.wphix.com/vamary-prv/vamary/assets/js/swiper-bundle.js]
[template.wphix.com/vamary-prv/vamary/assets/js/slick.js]
[template.wphix.com/vamary-prv/vamary/assets/js/nouislider.js]
[template.wphix.com/vamary-prv/vamary/assets/js/magnific-popup.js]
[template.wphix.com/vamary-prv/vamary/assets/js/parallax.js]
[template.wphix.com/vamary-prv/vamary/assets/js/nice-select.js]
[template.wphix.com/vamary-prv/vamary/assets/js/wow.js]
[template.wphix.com/vamary-prv/vamary/assets/js/isotope-pkgd.js]
[template.wphix.com/vamary-prv/vamary/assets/js/imagesloaded-pkgd.js]
[template.wphix.com/vamary-prv/vamary/assets/js/jquery.appear.js]
[template.wphix.com/vamary-prv/vamary/assets/js/odometer.min.js]
[template.wphix.com/vamary-prv/vamary/assets/js/beforeafter.jquery-1.0.0.min.js]
[template.wphix.com/vamary-prv/vamary/assets/js/splide.js]
[template.wphix.com/vamary-prv/vamary/assets/js/pignose.calendar.full.min.js]
[template.wphix.com/vamary-prv/vamary/assets/js/ajax-form.js]
[template.wphix.com/vamary-prv/vamary/index.html]
[template.wphix.com/vamary-prv/vamary/assets/css/bootstrap.css]
[template.wphix.com/vamary-prv/vamary/assets/css/animate.css]
[template.wphix.com/vamary-prv/vamary/assets/css/swiper-bundle.css]
[template.wphix.com/vamary-prv/vamary/assets/css/slick.css]
[template.wphix.com/vamary-prv/vamary/assets/css/nouislider.css]
[template.wphix.com/vamary-prv/vamary/assets/css/magnific-popup.css]
[template.wphix.com/vamary-prv/vamary/assets/css/splide.css]
[template.wphix.com/vamary-prv/vamary/assets/css/odometer.css]
[template.wphix.com/vamary-prv/vamary/assets/js/main.js]
[template.wphix.com/vamary-prv/vamary/assets/fonts/fa-brands-400.woff2]
[template.wphix.com/vamary-prv/vamary/assets/fonts/fa-brands-400.ttf]
[template.wphix.com/vamary-prv/vamary/assets/fonts/fa-duotone-900.woff2]
[template.wphix.com/vamary-prv/vamary/assets/fonts/fa-duotone-900.ttf]
[template.wphix.com/vamary-prv/vamary/assets/fonts/fa-light-300.woff2]
[template.wphix.com/vamary-prv/vamary/assets/fonts/fa-light-300.ttf]
[template.wphix.com/vamary-prv/vamary/assets/fonts/fa-regular-400.woff2]
[template.wphix.com/vamary-prv/vamary/assets/fonts/fa-regular-400.ttf]
[template.wphix.com/vamary-prv/vamary/assets/fonts/fa-solid-900.woff2]
[template.wphix.com/vamary-prv/vamary/assets/fonts/fa-thin-100.woff2]
[template.wphix.com/vamary-prv/vamary/assets/fonts/fa-solid-900.ttf]
[template.wphix.com/vamary-prv/vamary/assets/fonts/fa-thin-100.ttf]
[template.wphix.com/vamary-prv/vamary/assets/fonts/fa-v4compatibility.woff2]
[template.wphix.com/vamary-prv/vamary/assets/css/font-awesome-pro.css]
[template.wphix.com/vamary-prv/vamary/assets/css/spacing.css]
[template.wphix.com/vamary-prv/vamary/assets/fonts/fa-v4compatibility.ttf]
[template.wphix.com/vamary-prv/vamary/assets/fonts/VirsaceBigiora-Regular.woff]
[template.wphix.com/vamary-prv/vamary/assets/fonts/VirsaceBigiora-Regular.eot]
[template.wphix.com/vamary-prv/vamary/assets/fonts/VirsaceBigiora-Regular.ttf]
[template.wphix.com/vamary-prv/vamary/assets/img/services/services-3/services-3-mask-1.svg]
[template.wphix.com/vamary-prv/vamary/assets/img/feature/feature-shape.svg]
[template.wphix.com/vamary-prv/vamary/assets/img/feature/feature-shape-2.svg]
[template.wphix.com/vamary-prv/vamary/assets/css/main.css]
[template.wphix.com/vamary-prv/vamary/assets/img/product/icons/check.svg]
[template.wphix.com/vamary-prv/vamary/assets/img/gallery/gallery-thumb-1.jpg]
[template.wphix.com/vamary-prv/vamary/assets/img/gallery/gallery-thumb-2.jpg]
[template.wphix.com/vamary-prv/vamary/assets/img/gallery/gallery-thumb-3.jpg]
[template.wphix.com/vamary-prv/vamary/assets/img/gallery/gallery-thumb-4.jpg]
[template.wphix.com/vamary-prv/vamary/assets/img/gallery/gallery-thumb-5.jpg]
[template.wphix.com/vamary-prv/vamary/assets/img/gallery/gallery-thumb-6.jpg]
[template.wphix.com/vamary-prv/vamary/assets/img/banner/banner-2-img-1.png]
[template.wphix.com/vamary-prv/vamary/assets/img/banner/banner-2-shape-1.png]
[template.wphix.com/vamary-prv/vamary/assets/img/banner/banner-2-shape-2.png]
[template.wphix.com/vamary-prv/vamary/assets/img/shape/badge-round-1.png]
[template.wphix.com/vamary-prv/vamary/assets/img/about/about-2-thumb-1.jpg]
[template.wphix.com/vamary-prv/vamary/assets/img/about/about-2-thumb-2.jpg]
[template.wphix.com/vamary-prv/vamary/assets/img/about/about-2-thumb-3.jpg]
[template.wphix.com/vamary-prv/vamary/assets/img/about/about-2-thumb-4.jpg]
[template.wphix.com/vamary-prv/vamary/assets/img/before-after/before-after-2-thumb-1.jpg]
[template.wphix.com/vamary-prv/vamary/assets/img/before-after/before-after-2-thumb-2.jpg]
[template.wphix.com/vamary-prv/vamary/assets/img/services/services-icon-1.svg]
[template.wphix.com/vamary-prv/vamary/assets/img/services/services-icon-2.svg]
[template.wphix.com/vamary-prv/vamary/assets/img/services/services-icon-3.svg]
[template.wphix.com/vamary-prv/vamary/assets/img/banner/cta-bg-2.jpg]
[template.wphix.com/vamary-prv/vamary/assets/img/portfolio/portfolio-1.jpg]
[template.wphix.com/vamary-prv/vamary/assets/img/portfolio/portfolio--2-badge.jpg]
[template.wphix.com/vamary-prv/vamary/assets/img/portfolio/portfolio-2.jpg]
[template.wphix.com/vamary-prv/vamary/assets/img/portfolio/portfolio-3.jpg]
[template.wphix.com/vamary-prv/vamary/assets/img/portfolio/portfolio-4.jpg]
[template.wphix.com/vamary-prv/vamary/assets/img/shape/sponsore-2-icon-1.png]
[template.wphix.com/vamary-prv/vamary/assets/img/shape/sponsore-2-icon-2.png]
[template.wphix.com/vamary-prv/vamary/assets/img/shape/sponsore-2-icon-3.png]
[template.wphix.com/vamary-prv/vamary/assets/img/shape/sponsore-2-icon-4.png]
[template.wphix.com/vamary-prv/vamary/assets/img/shape/sponsore-2-icon-5.png]
[template.wphix.com/vamary-prv/vamary/assets/img/shape/sponsore-2-icon-6.png]
[template.wphix.com/vamary-prv/vamary/assets/img/testimonial/testimonial-2-quote-1.png]
[template.wphix.com/vamary-prv/vamary/assets/img/banner/form-2-bg-1.png]
[template.wphix.com/vamary-prv/vamary/assets/img/icon/location.svg]
[template.wphix.com/vamary-prv/vamary/assets/img/icon/calling.svg]
[template.wphix.com/vamary-prv/vamary/assets/img/icon/message.svg]
[template.wphix.com/cdn-cgi/scripts/5c5dd728/cloudflare-static/email-decode.min.js]
[template.wphix.com/vamary-prv/vamary/index-2.html]
[template.wphix.com/vamary-prv/vamary/assets/js/counterup.js]
[template.wphix.com/vamary-prv/vamary/assets/img/banner/banner-3/banner-3-clients-1.png]
[template.wphix.com/vamary-prv/vamary/assets/img/banner/banner-3/banner-3-img-1.png]
[template.wphix.com/vamary-prv/vamary/assets/img/banner/banner-3/banner-3-shape-1.png]
[template.wphix.com/vamary-prv/vamary/assets/img/banner/banner-3/banner-3-shape-2.png]
[template.wphix.com/vamary-prv/vamary/assets/img/banner/banner-3/banner-3-shape-3.png]
[template.wphix.com/vamary-prv/vamary/assets/img/banner/banner-3/banner-3-shape-4.png]
[template.wphix.com/vamary-prv/vamary/assets/img/services/services-3/services-3-thumb-1.jpg]
[template.wphix.com/vamary-prv/vamary/assets/img/services/services-3/services-3-thumb-2.jpg]
[template.wphix.com/vamary-prv/vamary/assets/img/about/about-3-capsul.png]
[template.wphix.com/vamary-prv/vamary/assets/img/about/about-3-thumb-1.png]
[template.wphix.com/vamary-prv/vamary/assets/img/product/product-1.jpg]
[template.wphix.com/vamary-prv/vamary/assets/img/product/product-2.jpg]
[template.wphix.com/vamary-prv/vamary/assets/img/product/product-3.jpg]
[template.wphix.com/vamary-prv/vamary/assets/img/product/product-4.jpg]
[template.wphix.com/vamary-prv/vamary/assets/img/product/product-5.jpg]
[template.wphix.com/vamary-prv/vamary/assets/img/product/product-6.jpg]
[template.wphix.com/vamary-prv/vamary/assets/img/product/product-7.jpg]
[template.wphix.com/vamary-prv/vamary/assets/img/product/product-8.jpg]
[template.wphix.com/vamary-prv/vamary/assets/img/product/details/sm/product-details-sm-1.jpg]
[template.wphix.com/vamary-prv/vamary/assets/img/product/details/sm/product-details-sm-2.jpg]
[template.wphix.com/vamary-prv/vamary/assets/img/product/details/sm/product-details-sm-3.jpg]
[template.wphix.com/vamary-prv/vamary/assets/img/product/details/big/product-details-big-1.jpg]
[template.wphix.com/vamary-prv/vamary/assets/img/product/details/big/product-details-big-2.jpg]
[template.wphix.com/vamary-prv/vamary/assets/img/product/details/big/product-details-big-3.jpg]
[template.wphix.com/vamary-prv/vamary/assets/img/team/team-3-thum-1.jpg]
[template.wphix.com/vamary-prv/vamary/assets/img/team/team-3-thum-2.jpg]
[template.wphix.com/vamary-prv/vamary/assets/img/team/team-3-thum-3.jpg]
[template.wphix.com/vamary-prv/vamary/assets/img/faq/faq-3-thumb-1.jpg]
[template.wphix.com/vamary-prv/vamary/assets/img/faq/faq-3-shape-1.jpg]
[template.wphix.com/vamary-prv/vamary/assets/img/blog/blog-3-big-1.jpg]
[template.wphix.com/vamary-prv/vamary/assets/img/instagram/instagram-3-thumb-1.jpg]
[template.wphix.com/vamary-prv/vamary/assets/img/instagram/instagram-3-thumb-2.jpg]
[template.wphix.com/vamary-prv/vamary/assets/img/instagram/instagram-3-thumb-3.jpg]
[template.wphix.com/vamary-prv/vamary/assets/img/instagram/instagram-3-thumb-4.jpg]
[template.wphix.com/vamary-prv/vamary/assets/img/instagram/instagram-3-thumb-5.jpg]
[template.wphix.com/vamary-prv/vamary/assets/img/instagram/instagram-3-thumb-6.jpg]
[template.wphix.com/vamary-prv/vamary/assets/img/footer/footer-3-post-1.jpg]
[template.wphix.com/vamary-prv/vamary/assets/img/footer/footer-3-post-2.jpg]
[template.wphix.com/vamary-prv/vamary/index-3.html]
[template.wphix.com/vamary-prv/vamary/assets/css/hover-reveal.css]
[template.wphix.com/vamary-prv/vamary/assets/img/product/product-7/product-9.jpg]
[template.wphix.com/vamary-prv/vamary/assets/img/product/product-7/product-8.jpg]
[template.wphix.com/vamary-prv/vamary/assets/img/product/product-7/product-7.jpg]
[template.wphix.com/vamary-prv/vamary/assets/img/slider/slider-4/slider-4-bg-1.jpg]
[template.wphix.com/vamary-prv/vamary/assets/img/slider/slider-4/slider-4-bg-2.jpg]
[template.wphix.com/vamary-prv/vamary/assets/img/slider/slider-4/slider-4-bg-3.jpg]
[template.wphix.com/vamary-prv/vamary/assets/img/services/services-4/services-1.jpg]
[template.wphix.com/vamary-prv/vamary/assets/img/services/services-4/services-2.jpg]
[template.wphix.com/vamary-prv/vamary/assets/img/services/services-4/services-3.jpg]
[template.wphix.com/vamary-prv/vamary/assets/img/about/about-4/about-4-thumb-1.jpg]
[template.wphix.com/vamary-prv/vamary/assets/img/about/about-4/about-4-thumb-2.jpg]
[template.wphix.com/vamary-prv/vamary/assets/img/about/about-4/about-4-thumb-3.jpg]
[template.wphix.com/vamary-prv/vamary/assets/img/testimonial/testimonial-4/testimonial-4-thumb-1.png]
[template.wphix.com/vamary-prv/vamary/assets/img/team/team-4/team-4-thumb-1.png]
[template.wphix.com/vamary-prv/vamary/assets/img/team/team-4/team-4-thumb-2.png]
[template.wphix.com/vamary-prv/vamary/assets/img/team/team-4/team-4-thumb-3.png]
[template.wphix.com/vamary-prv/vamary/assets/img/banner/client-4-banner-1.jpg]
[template.wphix.com/vamary-prv/vamary/assets/img/banner/client-4-shape-1.jpg]
[template.wphix.com/vamary-prv/vamary/assets/img/product/product-4/product-4-thumb-1.jpg]
[template.wphix.com/vamary-prv/vamary/assets/img/product/product-4/product-4-thumb-2.jpg]
[template.wphix.com/vamary-prv/vamary/assets/img/product/product-4/product-4-thumb-3.jpg]
[template.wphix.com/vamary-prv/vamary/assets/img/product/product-4/product-4-thumb-4.jpg]
[template.wphix.com/vamary-prv/vamary/assets/img/product/product-4/product-4-thumb-5.jpg]
[template.wphix.com/vamary-prv/vamary/assets/img/product/product-4/product-4-thumb-6.jpg]
[template.wphix.com/vamary-prv/vamary/assets/js/hover-reveal.js]
[template.wphix.com/vamary-prv/vamary/index-4.html]
[template.wphix.com/vamary-prv/vamary/assets/js/tween-max.js]
[template.wphix.com/vamary-prv/vamary/assets/img/team/header-5-thumb-1.png]
[template.wphix.com/vamary-prv/vamary/assets/img/banner/banner-5/banner-5-img-1.jpg]
[template.wphix.com/vamary-prv/vamary/assets/img/banner/banner-5/banner-5-img-2.png]
[template.wphix.com/vamary-prv/vamary/assets/img/banner/banner-5/banner-5-img-3.png]
[template.wphix.com/vamary-prv/vamary/assets/img/banner/banner-5/banner-5-img-4.png]
[template.wphix.com/vamary-prv/vamary/assets/img/banner/banner-5/banner-5-thumb-1.jpg]
[template.wphix.com/vamary-prv/vamary/assets/img/banner/banner-5/banner-5-shape-1.jpg]
[template.wphix.com/vamary-prv/vamary/assets/img/about/about-5/about-5-thumb-1.jpg]
[template.wphix.com/vamary-prv/vamary/assets/img/about/about-5/about-5-thumb-2.jpg]
[template.wphix.com/vamary-prv/vamary/assets/img/feature/feature-5-thumb-1.jpg]
[template.wphix.com/vamary-prv/vamary/assets/img/feature/feature-5-thumb-2.jpg]
[template.wphix.com/vamary-prv/vamary/assets/img/feature/feature-5-shape-1.png]
[template.wphix.com/vamary-prv/vamary/assets/img/portfolio/case-5-thumb-1.jpg]
[template.wphix.com/vamary-prv/vamary/assets/img/portfolio/case-5-thumb-2.jpg]
[template.wphix.com/vamary-prv/vamary/assets/img/portfolio/case-5-thumb-3.jpg]
[template.wphix.com/vamary-prv/vamary/assets/img/shape/rose-1.png]
[template.wphix.com/vamary-prv/vamary/assets/img/testimonial/testimonial-5-author-1.png]
[template.wphix.com/vamary-prv/vamary/assets/img/testimonial/testimonial-5-author-2.png]
[template.wphix.com/vamary-prv/vamary/assets/img/blog/blog-5-thumb-1.jpg]
[template.wphix.com/vamary-prv/vamary/assets/img/blog/blog-5-thumb-2.jpg]
[template.wphix.com/vamary-prv/vamary/assets/img/blog/blog-5-sm-1.jpg]
[template.wphix.com/vamary-prv/vamary/assets/img/blog/blog-5-sm-2.jpg]
[template.wphix.com/vamary-prv/vamary/index-5.html]
[template.wphix.com/vamary-prv/vamary/assets/img/logo/logo-2.png]
[template.wphix.com/vamary-prv/vamary/assets/img/slider/slider-6/slider-6-bg-1.jpg]
[template.wphix.com/vamary-prv/vamary/assets/img/slider/slider-6/slider-6-bg-2.jpg]
[template.wphix.com/vamary-prv/vamary/assets/img/slider/slider-6/slider-6-bg-3.jpg]
[template.wphix.com/vamary-prv/vamary/assets/img/slider/slider-6/slider-6-bg-4.jpg]
[template.wphix.com/vamary-prv/vamary/assets/img/about/about-6/about-6-shape-1.png]
[template.wphix.com/vamary-prv/vamary/assets/img/about/about-6/about-6-thumb-1.png]
[template.wphix.com/vamary-prv/vamary/assets/img/about/about-6/about-6-shape-2.png]
[template.wphix.com/vamary-prv/vamary/assets/img/services/services-6/services-6-thumb-1.png]
[template.wphix.com/vamary-prv/vamary/assets/img/services/services-6/services-6-thumb-2.png]
[template.wphix.com/vamary-prv/vamary/assets/img/services/services-6/services-6-thumb-3.png]
[template.wphix.com/vamary-prv/vamary/assets/img/about/story-6-bg-1.jpg]
[template.wphix.com/vamary-prv/vamary/assets/img/portfolio/portfolio-6/portfolio-6-thumb-1.jpg]
[template.wphix.com/vamary-prv/vamary/assets/img/portfolio/portfolio-6/portfolio-6-thumb-2.jpg]
[template.wphix.com/vamary-prv/vamary/assets/img/portfolio/portfolio-6/portfolio-6-thumb-3.jpg]
[template.wphix.com/vamary-prv/vamary/assets/img/portfolio/portfolio-6/portfolio-6-thumb-4.jpg]
[template.wphix.com/vamary-prv/vamary/assets/img/banner/pricing-6-thumb-1.jpg]
[template.wphix.com/vamary-prv/vamary/assets/img/banner/pricing-6-thumb-2.jpg]
[template.wphix.com/vamary-prv/vamary/assets/img/banner/cta-6-bg-1.jpg]
[template.wphix.com/vamary-prv/vamary/assets/img/testimonial/testimonial-6-bg-1.png]
[template.wphix.com/vamary-prv/vamary/assets/img/blog/blog-6-thumb-1.jpg]
[template.wphix.com/vamary-prv/vamary/assets/img/logo/logo-yellow.png]
[template.wphix.com/vamary-prv/vamary/index-6.html]
[template.wphix.com/vamary-prv/vamary/assets/img/banner/banner-7-bg-1.png]
[template.wphix.com/vamary-prv/vamary/assets/img/category/category-thumb-1.jpg]
[template.wphix.com/vamary-prv/vamary/assets/img/category/category-thumb-2.jpg]
[template.wphix.com/vamary-prv/vamary/assets/img/category/category-thumb-3.jpg]
[template.wphix.com/vamary-prv/vamary/assets/img/banner/banner-offer-1.png]
[template.wphix.com/vamary-prv/vamary/assets/img/product/product-7/product-1.jpg]
[template.wphix.com/vamary-prv/vamary/assets/img/product/product-7/product-2.jpg]
[template.wphix.com/vamary-prv/vamary/assets/img/product/product-7/product-3.jpg]
[template.wphix.com/vamary-prv/vamary/assets/img/product/product-7/product-4.jpg]
[template.wphix.com/vamary-prv/vamary/assets/img/product/product-7/product-5.jpg]
[template.wphix.com/vamary-prv/vamary/assets/img/product/product-7/product-6.jpg]
[template.wphix.com/vamary-prv/vamary/assets/img/choose/choose-7-thumb-1.jpg]
[template.wphix.com/vamary-prv/vamary/assets/img/choose/choose-7-thumb-2.jpg]
[template.wphix.com/vamary-prv/vamary/assets/img/banner/banner-offer-2.png]
[template.wphix.com/vamary-prv/vamary/assets/img/banner/banner-offer-3.png]
[template.wphix.com/vamary-prv/vamary/assets/img/blog/blog-7-thumb-1.jpg]
[template.wphix.com/vamary-prv/vamary/assets/img/blog/blog-7-thumb-2.jpg]
[template.wphix.com/vamary-prv/vamary/assets/img/instagram/insta-7/insta-1.jpg]
[template.wphix.com/vamary-prv/vamary/assets/img/instagram/insta-7/insta-2.jpg]
[template.wphix.com/vamary-prv/vamary/assets/img/instagram/insta-7/insta-3.jpg]
[template.wphix.com/vamary-prv/vamary/assets/img/instagram/insta-7/insta-4.jpg]
[template.wphix.com/vamary-prv/vamary/assets/img/instagram/insta-7/insta-5.jpg]
[template.wphix.com/vamary-prv/vamary/assets/img/instagram/insta-7/insta-6.jpg]
[template.wphix.com/vamary-prv/vamary/assets/img/instagram/insta-7/insta-7.jpg]
[template.wphix.com/vamary-prv/vamary/assets/img/instagram/insta-7/insta-8.jpg]
[template.wphix.com/vamary-prv/vamary/assets/img/instagram/insta-7/insta-9.jpg]
[template.wphix.com/vamary-prv/vamary/assets/img/footer/payment-method.png]
[template.wphix.com/vamary-prv/vamary/index-7.html]
[template.wphix.com/vamary-prv/vamary/assets/img/banner/comming-soon-1.png]
[template.wphix.com/vamary-prv/vamary/assets/img/shape/yellow-shape-1.png]
[template.wphix.com/vamary-prv/vamary/comming-soon.html]
[template.wphix.com/vamary-prv/vamary/assets/js/countdown.js]
[template.wphix.com/vamary-prv/vamary/assets/img/breadcrumb/breadcrumb-bg-2.jpg]
[template.wphix.com/vamary-prv/vamary/assets/img/about/inner/about-inner-1.png]
[template.wphix.com/vamary-prv/vamary/assets/img/history/history-thumb-1.jpg]
[template.wphix.com/vamary-prv/vamary/assets/img/history/history-thumb-3.jpg]
[template.wphix.com/vamary-prv/vamary/assets/img/history/history-thumb-2.jpg]
[template.wphix.com/vamary-prv/vamary/assets/img/choose/choose-inner-1.png]
[template.wphix.com/vamary-prv/vamary/assets/img/choose/choose-inner-2.png]
[template.wphix.com/vamary-prv/vamary/about.html]
[template.wphix.com/vamary-prv/vamary/assets/img/breadcrumb/breadcrumb-bg-1.jpg]
[template.wphix.com/vamary-prv/vamary/assets/img/portfolio/portfolio-5.jpg]
[template.wphix.com/vamary-prv/vamary/assets/img/portfolio/portfolio-6.jpg]
[template.wphix.com/vamary-prv/vamary/assets/img/portfolio/portfolio-7.jpg]
[template.wphix.com/vamary-prv/vamary/assets/img/portfolio/portfolio-8.jpg]
[template.wphix.com/vamary-prv/vamary/case.html]
[template.wphix.com/vamary-prv/vamary/assets/img/portfolio/details/portfolio-details-1.jpg]
[template.wphix.com/vamary-prv/vamary/assets/img/portfolio/details/portfolio-details-2.jpg]
[template.wphix.com/vamary-prv/vamary/assets/img/portfolio/details/portfolio-details-3.jpg]
[template.wphix.com/vamary-prv/vamary/assets/img/portfolio/details/portfolio-details-4.jpg]
[template.wphix.com/vamary-prv/vamary/case-details.html]
[template.wphix.com/vamary-prv/vamary/assets/img/services/services-3/services-3-thumb-4.jpg]
[template.wphix.com/vamary-prv/vamary/assets/img/services/services-3/services-3-thumb-5.jpg]
[template.wphix.com/vamary-prv/vamary/assets/img/services/services-3/services-3-thumb-6.jpg]
[template.wphix.com/vamary-prv/vamary/services.html]
[template.wphix.com/vamary-prv/vamary/assets/img/services/service-details/service-details-1.jpg]
[template.wphix.com/vamary-prv/vamary/assets/img/services/service-details/service-details-2.jpg]
[template.wphix.com/vamary-prv/vamary/service-details.html]
[template.wphix.com/vamary-prv/vamary/assets/img/team/team-3-thum-4.jpg]
[template.wphix.com/vamary-prv/vamary/assets/img/team/team-3-thum-5.jpg]
[template.wphix.com/vamary-prv/vamary/assets/img/team/team-3-thum-6.jpg]
[template.wphix.com/vamary-prv/vamary/team.html]
[template.wphix.com/vamary-prv/vamary/assets/img/team/details/team-details-1.jpg]
[template.wphix.com/vamary-prv/vamary/team-details.html]
[template.wphix.com/vamary-prv/vamary/pricing.html]
[template.wphix.com/vamary-prv/vamary/faq.html]
[template.wphix.com/vamary-prv/vamary/appointment.html]
[template.wphix.com/vamary-prv/vamary/assets/css/pignose.calendar.min.css]
[template.wphix.com/vamary-prv/vamary/assets/img/blog/blog-big-1.jpg]
[template.wphix.com/vamary-prv/vamary/assets/img/blog/blog-big-2.jpg]
[template.wphix.com/vamary-prv/vamary/assets/img/blog/blog-big-3.jpg]
[template.wphix.com/vamary-prv/vamary/assets/img/blog/blog-big-4.jpg]
[template.wphix.com/vamary-prv/vamary/assets/img/blog/sidebar/blog-sm-1.jpg]
[template.wphix.com/vamary-prv/vamary/assets/img/blog/sidebar/blog-sm-2.jpg]
[template.wphix.com/vamary-prv/vamary/assets/img/blog/sidebar/blog-sm-3.jpg]
[template.wphix.com/vamary-prv/vamary/blog.html]
[template.wphix.com/vamary-prv/vamary/assets/img/blog/blog-sm-4.jpg]
[template.wphix.com/vamary-prv/vamary/assets/img/blog/blog-sm-5.jpg]
[template.wphix.com/vamary-prv/vamary/assets/img/blog/blog-sm-6.jpg]
[template.wphix.com/vamary-prv/vamary/assets/img/blog/blog-sm-7.jpg]
[template.wphix.com/vamary-prv/vamary/assets/img/blog/blog-sm-8.jpg]
[template.wphix.com/vamary-prv/vamary/assets/img/blog/blog-sm-9.jpg]
[template.wphix.com/vamary-prv/vamary/blog-grid.html]
[template.wphix.com/vamary-prv/vamary/assets/img/blog/postbox-shape-1.png]
[template.wphix.com/vamary-prv/vamary/assets/img/blog/postbox-thumb-1.jpg]
[template.wphix.com/vamary-prv/vamary/assets/img/blog/postbox-thumb-2.jpg]
[template.wphix.com/vamary-prv/vamary/assets/img/product/review/review-1.png]
[template.wphix.com/vamary-prv/vamary/assets/img/product/review/review-2.png]
[template.wphix.com/vamary-prv/vamary/assets/img/product/review/review-3.png]
[template.wphix.com/vamary-prv/vamary/blog-details.html]
[template.wphix.com/vamary-prv/vamary/shop.html]
[template.wphix.com/vamary-prv/vamary/shop-details.html]
[template.wphix.com/vamary-prv/vamary/cart.html]
[template.wphix.com/vamary-prv/vamary/assets/img/icon/payment-option.png]
[template.wphix.com/vamary-prv/vamary/checkout.html]
[template.wphix.com/vamary-prv/vamary/wishlist.html]
[template.wphix.com/vamary-prv/vamary/order.html]
[template.wphix.com/vamary-prv/vamary/assets/img/icon/login/google.svg]
[template.wphix.com/vamary-prv/vamary/assets/img/icon/login/facebook.svg]
[template.wphix.com/vamary-prv/vamary/assets/img/icon/login/apple.svg]
[template.wphix.com/vamary-prv/vamary/profile.html]
[template.wphix.com/vamary-prv/vamary/login.html]
[template.wphix.com/vamary-prv/vamary/register.html]
[template.wphix.com/vamary-prv/vamary/forgot.html]
[template.wphix.com/vamary-prv/vamary/contact.html]
[template.wphix.com/vamary-prv/vamary/assets/img/banner/banner-1shape-1.svg]
[template.wphix.com/vamary-prv/vamary/assets/img/banner/banner-1shape-2.svg]
[template.wphix.com/vamary-prv/vamary/assets/img/brand/sponsor-1.svg]
[template.wphix.com/vamary-prv/vamary/assets/img/brand/sponsor-2.svg]
[template.wphix.com/vamary-prv/vamary/assets/img/brand/sponsor-3.svg]
[template.wphix.com/vamary-prv/vamary/assets/img/brand/sponsor-4.svg]
[template.wphix.com/vamary-prv/vamary/assets/fonts/fa-duotone-900.html]
[template.wphix.com/vamary-prv/vamary/assets/fonts/fa-duotone-901.html]
[template.wphix.com/vamary-prv/vamary/assets/img/services/services-3/services-3-mask-1.svg]
[template.wphix.com/vamary-prv/vamary/assets/img/feature/feature-shape.svg]
[template.wphix.com/vamary-prv/vamary/assets/img/feature/feature-shape-2.svg]
[template.wphix.com/vamary-prv/vamary/assets/img/product/icons/check.svg]
[template.wphix.com/vamary-prv/vamary/assets/img/services/services-icon-1.svg]
[template.wphix.com/vamary-prv/vamary/assets/img/services/services-icon-2.svg]
[template.wphix.com/vamary-prv/vamary/assets/img/services/services-icon-3.svg]
[template.wphix.com/vamary-prv/vamary/assets/img/icon/location.svg]
[template.wphix.com/vamary-prv/vamary/assets/img/icon/calling.svg]
[template.wphix.com/vamary-prv/vamary/assets/img/icon/message.svg]
[template.wphix.com/vamary-prv/vamary/assets/css/hover-reveal.css]
[template.wphix.com/vamary-prv/vamary/assets/css/pignose.calendar.min.css]
[template.wphix.com/vamary-prv/vamary/assets/img/icon/login/google.svg]
[template.wphix.com/vamary-prv/vamary/assets/img/icon/login/facebook.svg]
[template.wphix.com/vamary-prv/vamary/assets/img/icon/login/apple.svg]
[template.wphix.com/vamary-prv/vamary/profile.html]
