[exprostudio.com/html/medlink/index.html]
[backblue.gif]
[fade.gif]
[index.html]
[exprostudio.com/html/medlink/apple-touch-icon.png]
[exprostudio.com/html/medlink/js/vendor/modernizr-2.8.3-respond-1.4.2.min.js]
[exprostudio.com/html/medlink/images/logo.png]
[exprostudio.com/html/medlink/searchresult-v1.html]
[exprostudio.com/html/medlink/searchresult-v2.html]
[exprostudio.com/html/medlink/searchresult-v3.html]
[exprostudio.com/html/medlink/aboutus.html]
[exprostudio.com/html/medlink/how-its-works.html]
[exprostudio.com/html/medlink/blogpostlist.html]
[exprostudio.com/html/medlink/blogpostgrid.html]
[exprostudio.com/html/medlink/blogpostdetail.html]
[exprostudio.com/html/medlink/doctor-overview-detail.html]
[exprostudio.com/html/medlink/404.html]
[exprostudio.com/html/medlink/commingsoon.html]
[exprostudio.com/html/medlink/signin-signup.html]
[exprostudio.com/html/medlink/dashboard.html]
[exprostudio.com/html/medlink/images/icons/icon-41.png]
[exprostudio.com/html/medlink/dashboard-badgepopup.html]
[exprostudio.com/html/medlink/dashboard-profilesetting.html]
[exprostudio.com/html/medlink/dashboard-jobslocations.html]
[exprostudio.com/html/medlink/dashboard-privatemessages.html]
[exprostudio.com/html/medlink/dashboard-appointments.html]
[exprostudio.com/html/medlink/dashboard-appoinmentsetting.html]
[exprostudio.com/html/medlink/dashboard-favoritlisting.html]
[exprostudio.com/html/medlink/dashboard-invoices.html]
[exprostudio.com/html/medlink/dashboard-upgradepackage.html]
[exprostudio.com/html/medlink/dashboard-securitysettings.html]
[exprostudio.com/html/medlink/dashboard-privacy-settings.html]
[exprostudio.com/html/medlink/images/banner/img-01.jpg]
[exprostudio.com/html/medlink/images/icons/icon-08.png]
[exprostudio.com/html/medlink/images/icons/icon-09.png]
[exprostudio.com/html/medlink/images/icons/icon-10.png]
[exprostudio.com/html/medlink/images/icons/icon-11.png]
[exprostudio.com/html/medlink/images/icons/icon-12.png]
[exprostudio.com/html/medlink/images/icons/icon-13.png]
[exprostudio.com/html/medlink/images/icons/icon-14.png]
[exprostudio.com/html/medlink/images/icons/icon-15.png]
[exprostudio.com/html/medlink/images/icons/icon-16.png]
[exprostudio.com/html/medlink/images/icons/icon-17.png]
[exprostudio.com/html/medlink/images/icons/icon-18.png]
[exprostudio.com/html/medlink/images/icons/icon-19.png]
[exprostudio.com/html/medlink/images/icons/icon-20.png]
[exprostudio.com/html/medlink/images/icons/icon-21.png]
[exprostudio.com/html/medlink/images/icons/icon-22.png]
[exprostudio.com/html/medlink/images/icons/icon-23.png]
[exprostudio.com/html/medlink/images/icons/icon-24.png]
[exprostudio.com/html/medlink/images/icons/icon-25.png]
[exprostudio.com/html/medlink/images/icons/icon-02.png]
[exprostudio.com/html/medlink/images/icons/icon-03.png]
[exprostudio.com/html/medlink/images/icons/icon-04.png]
[exprostudio.com/html/medlink/images/parallax/bgparallax-02.jpg]
[exprostudio.com/html/medlink/images/icons/icon-05.png]
[exprostudio.com/html/medlink/images/icons/icon-06.png]
[exprostudio.com/html/medlink/images/icons/icon-07.png]
[exprostudio.com/html/medlink/images/img-04.png]
[exprostudio.com/html/medlink/images/directpost/img-01.jpg]
[exprostudio.com/html/medlink/images/directpost/img-02.jpg]
[exprostudio.com/html/medlink/images/directpost/img-03.jpg]
[exprostudio.com/html/medlink/images/directpost/img-04.jpg]
[exprostudio.com/html/medlink/images/directpost/img-05.jpg]
[exprostudio.com/html/medlink/images/parallax/bgparallax-03.jpg]
[exprostudio.com/html/medlink/images/thumbnails/img-01.jpg]
[exprostudio.com/html/medlink/images/thumbnails/img-02.jpg]
[exprostudio.com/html/medlink/images/thumbnails/img-03.jpg]
[exprostudio.com/html/medlink/images/thumbnails/img-04.jpg]
[exprostudio.com/html/medlink/images/thumbnails/img-05.jpg]
[exprostudio.com/html/medlink/images/thumbnails/img-06.jpg]
[exprostudio.com/html/medlink/images/brands/img-01.png]
[exprostudio.com/html/medlink/images/brands/img-02.png]
[exprostudio.com/html/medlink/images/brands/img-03.png]
[exprostudio.com/html/medlink/images/brands/img-04.png]
[exprostudio.com/html/medlink/images/parallax/bgparallax-04.jpg]
[exprostudio.com/html/medlink/images/post/img-01.jpg]
[exprostudio.com/html/medlink/images/post/img-02.jpg]
[exprostudio.com/html/medlink/images/post/img-03.jpg]
[exprostudio.com/html/medlink/images/directpost/img-08.jpg]
[exprostudio.com/html/medlink/images/directpost/img-09.jpg]
[exprostudio.com/html/medlink/images/directpost/img-10.jpg]
[exprostudio.com/html/medlink/images/logos.png]
[exprostudio.com/html/medlink/www.mediurl.com]
[exprostudio.com/html/medlink/js/vendor/jquery-library.js]
[exprostudio.com/html/medlink/js/vendor/bootstrap.min.js]
[exprostudio.com/html/medlink/js/mapclustering/data.json]
[exprostudio.com/html/medlink/js/mapclustering/markerclusterer.min.js]
[exprostudio.com/html/medlink/js/mapclustering/infobox.js]
[exprostudio.com/html/medlink/js/bootstrap-timepicker.min.js]
[exprostudio.com/html/medlink/js/customScrollbar.min.js]
[exprostudio.com/html/medlink/js/mapclustering/map.js]
[exprostudio.com/html/medlink/js/jquery.countdown.js]
[exprostudio.com/html/medlink/js/owl.carousel.min.js]
[exprostudio.com/html/medlink/js/isotope.pkgd.js]
[exprostudio.com/html/medlink/js/packery-mode.js]
[exprostudio.com/html/medlink/js/svg-injector.js]
[exprostudio.com/html/medlink/js/moment.min.js]
[exprostudio.com/html/medlink/js/fullcalendar.min.js]
[exprostudio.com/html/medlink/js/jquery-ui.js]
[exprostudio.com/html/medlink/js/collapse.js]
[exprostudio.com/html/medlink/js/parallax.js]
[exprostudio.com/html/medlink/js/readmore.js]
[exprostudio.com/html/medlink/js/countTo.js]
[exprostudio.com/html/medlink/js/loader.js]
[exprostudio.com/html/medlink/js/appear.js]
[exprostudio.com/html/medlink/js/gmap3.js]
[exprostudio.com/html/medlink/js/main.js]
[exprostudio.com/html/medlink/index.html]
[exprostudio.com/html/medlink/fonts/glyphicons-halflings-regular.eot]
[exprostudio.com/html/medlink/fonts/glyphicons-halflings-regulard41d.eot]
[exprostudio.com/html/medlink/fonts/glyphicons-halflings-regular.woff2]
[exprostudio.com/html/medlink/fonts/glyphicons-halflings-regular.woff]
[exprostudio.com/html/medlink/fonts/glyphicons-halflings-regular.ttf]
[exprostudio.com/html/medlink/css/bootstrap.min.css]
[exprostudio.com/html/medlink/css/normalize.css]
[exprostudio.com/html/medlink/fonts/fontawesome-webfont5b62.eot]
[exprostudio.com/html/medlink/fonts/fontawesome-webfontd41d.eot]
[exprostudio.com/html/medlink/fonts/fontawesome-webfont5b62.woff2]
[exprostudio.com/html/medlink/fonts/fontawesome-webfont5b62.woff]
[exprostudio.com/html/medlink/fonts/fontawesome-webfont5b62.ttf]
[exprostudio.com/html/medlink/css/font-awesome.min.css]
[exprostudio.com/html/medlink/css/jquery.countdown.css]
[exprostudio.com/html/medlink/images/mCSB_buttons.84.delayed]
[exprostudio.com/html/medlink/css/customScrollbar.css]
[exprostudio.com/html/medlink/css/bootstrap-timepicker.min.css]
[exprostudio.com/html/medlink/css/fullcalendar.min.css]
[exprostudio.com/html/medlink/images/grabbing.png]
[exprostudio.com/html/medlink/css/owl.carousel.css]
[exprostudio.com/html/medlink/images/AjaxLoader.gif]
[exprostudio.com/html/medlink/css/owl.theme.css]
[exprostudio.com/html/medlink/images/ui-icons_444444_256x240.png]
[exprostudio.com/html/medlink/images/ui-icons_555555_256x240.png]
[exprostudio.com/html/medlink/images/ui-icons_ffffff_256x240.png]
[exprostudio.com/html/medlink/images/ui-icons_777620_256x240.png]
[exprostudio.com/html/medlink/images/ui-icons_cc0000_256x240.png]
[exprostudio.com/html/medlink/images/ui-icons_777777_256x240.png]
[exprostudio.com/html/medlink/css/jquery-ui.css]
[exprostudio.com/html/medlink/css/transitions.css]
[exprostudio.com/html/medlink/images/close2.png]
[exprostudio.com/html/medlink/images/gloweffect.png]
[exprostudio.com/html/medlink/images/close3.png]
[exprostudio.com/html/medlink/images/strip.jpg]
[exprostudio.com/html/medlink/images/strip-1.jpg]
[exprostudio.com/html/medlink/images/bg-commingsoon.jpg]
[exprostudio.com/html/medlink/css/main.css]
[exprostudio.com/html/medlink/css/color.css]
[exprostudio.com/html/medlink/css/responsive.css]
[exprostudio.com/html/medlink/info@domain.com]
[exprostudio.com/html/medlink/images/directpost/img-06.jpg]
[exprostudio.com/html/medlink/searchresult-v1.html]
[exprostudio.com/html/medlink/searchresult-v2.html]
[exprostudio.com/html/medlink/searchresult-v3.html]
[exprostudio.com/html/medlink/images/banner/img-02.jpg]
[exprostudio.com/html/medlink/images/placeholder/img-03.jpg]
[exprostudio.com/html/medlink/images/midlinktimeline/img-01.jpg]
[exprostudio.com/html/medlink/images/midlinktimeline/img-02.jpg]
[exprostudio.com/html/medlink/images/midlinktimeline/img-03.jpg]
[exprostudio.com/html/medlink/images/midlinktimeline/img-04.jpg]
[exprostudio.com/html/medlink/aboutus.html]
[exprostudio.com/html/medlink/images/icons/icon-35.png]
[exprostudio.com/html/medlink/images/icons/icon-37.png]
[exprostudio.com/html/medlink/images/icons/icon-38.png]
[exprostudio.com/html/medlink/images/icons/icon-39.png]
[exprostudio.com/html/medlink/images/icons/icon-40.png]
[exprostudio.com/html/medlink/images/icons/icon-36.png]
[exprostudio.com/html/medlink/how-its-works.html]
[exprostudio.com/html/medlink/images/post/img-10.jpg]
[exprostudio.com/html/medlink/images/post/img-11.jpg]
[exprostudio.com/html/medlink/images/post/img-12.jpg]
[exprostudio.com/html/medlink/images/post/img-13.jpg]
[exprostudio.com/html/medlink/images/thumbnails/img-14.jpg]
[exprostudio.com/html/medlink/images/thumbnails/img-15.jpg]
[exprostudio.com/html/medlink/images/thumbnails/img-16.jpg]
[exprostudio.com/html/medlink/blogpostlist.html]
[exprostudio.com/html/medlink/images/post/img-04.jpg]
[exprostudio.com/html/medlink/images/post/img-05.jpg]
[exprostudio.com/html/medlink/images/post/img-06.jpg]
[exprostudio.com/html/medlink/images/post/img-07.jpg]
[exprostudio.com/html/medlink/images/post/img-08.jpg]
[exprostudio.com/html/medlink/images/post/img-09.jpg]
[exprostudio.com/html/medlink/blogpostgrid.html]
[exprostudio.com/html/medlink/images/thumbnails/img-23.jpg]
[exprostudio.com/html/medlink/images/post/blogpostdetail.jpg]
[exprostudio.com/html/medlink/images/thumbnails/img-17.jpg]
[exprostudio.com/html/medlink/images/thumbnails/img-18.jpg]
[exprostudio.com/html/medlink/images/thumbnails/img-19.jpg]
[exprostudio.com/html/medlink/blogpostdetail.html]
[exprostudio.com/html/medlink/images/directpost/img-07.jpg]
[exprostudio.com/html/medlink/images/badges/badge-01.png]
[exprostudio.com/html/medlink/images/badges/badge-02.png]
[exprostudio.com/html/medlink/images/badges/badge-03.png]
[exprostudio.com/html/medlink/images/badges/badge-04.png]
[exprostudio.com/html/medlink/images/badges/badge-05.png]
[exprostudio.com/html/medlink/images/badges/badge-06.png]
[exprostudio.com/html/medlink/images/badges/badge-07.png]
[exprostudio.com/html/medlink/images/badges/badge-08.png]
[exprostudio.com/html/medlink/images/badges/badge-09.png]
[exprostudio.com/html/medlink/images/badges/badge-10.png]
[exprostudio.com/html/medlink/images/badges/badge-11.png]
[exprostudio.com/html/medlink/images/badges/badge-12.png]
[exprostudio.com/html/medlink/images/placeholder/img-02.jpg]
[exprostudio.com/html/medlink/images/thumbnails/img-07.jpg]
[exprostudio.com/html/medlink/images/thumbnails/img-08.jpg]
[exprostudio.com/html/medlink/images/thumbnails/img-09.jpg]
[exprostudio.com/html/medlink/images/thumbnails/img-10.jpg]
[exprostudio.com/html/medlink/images/thumbnails/img-11.jpg]
[exprostudio.com/html/medlink/images/thumbnails/img-12.jpg]
[exprostudio.com/html/medlink/images/thumbnails/img-13.jpg]
[exprostudio.com/html/medlink/images/gallery/large/img-01.jpg]
[exprostudio.com/html/medlink/images/gallery/large/img-02.jpg]
[exprostudio.com/html/medlink/images/gallery/large/img-03.jpg]
[exprostudio.com/html/medlink/images/gallery/large/img-04.jpg]
[exprostudio.com/html/medlink/images/gallery/large/img-05.jpg]
[exprostudio.com/html/medlink/images/gallery/large/img-06.jpg]
[exprostudio.com/html/medlink/images/gallery/large/img-07.jpg]
[exprostudio.com/html/medlink/images/gallery/large/img-08.jpg]
[exprostudio.com/html/medlink/images/gallery/large/img-09.jpg]
[exprostudio.com/html/medlink/images/gallery/large/img-10.jpg]
[exprostudio.com/html/medlink/images/gallery/small/img-01.jpg]
[exprostudio.com/html/medlink/images/gallery/small/img-02.jpg]
[exprostudio.com/html/medlink/images/gallery/small/img-03.jpg]
[exprostudio.com/html/medlink/images/gallery/small/img-04.jpg]
[exprostudio.com/html/medlink/images/gallery/small/img-05.jpg]
[exprostudio.com/html/medlink/images/gallery/small/img-06.jpg]
[exprostudio.com/html/medlink/images/gallery/small/img-07.jpg]
[exprostudio.com/html/medlink/images/gallery/small/img-08.jpg]
[exprostudio.com/html/medlink/images/gallery/small/img-09.jpg]
[exprostudio.com/html/medlink/images/gallery/small/img-10.jpg]
[exprostudio.com/html/medlink/images/directpost/img-11.jpg]
[exprostudio.com/html/medlink/images/directpost/img-12.jpg]
[exprostudio.com/html/medlink/images/directpost/img-13.jpg]
[exprostudio.com/html/medlink/images/placeholder/img-01.jpg]
[exprostudio.com/html/medlink/doctor-overview-detail.html]
[exprostudio.com/html/medlink/images/404-img.jpg]
[exprostudio.com/html/medlink/404.html]
[exprostudio.com/html/medlink/images/logo2.png]
[exprostudio.com/html/medlink/js/final-countdown.js]
[exprostudio.com/html/medlink/js/kinetic.js]
[exprostudio.com/html/medlink/commingsoon.html]
[exprostudio.com/html/medlink/images/icons/icon-35.jpg]
[exprostudio.com/html/medlink/signin-signup.html]
[exprostudio.com/html/medlink/images/thumbnails/img-20.jpg]
[exprostudio.com/html/medlink/images/icons/icon-26.png]
[exprostudio.com/html/medlink/images/icons/icon-27.png]
[exprostudio.com/html/medlink/images/icons/icon-28.png]
[exprostudio.com/html/medlink/images/icons/icon-29.png]
[exprostudio.com/html/medlink/dashboard.html]
[exprostudio.com/html/medlink/images/icons/icon-30.png]
[exprostudio.com/html/medlink/dashboard-badgepopup.html]
[exprostudio.com/html/medlink/File_name01.jpg]
[exprostudio.com/html/medlink/images/icons/icon-pdf.png]
[exprostudio.com/html/medlink/images/icons/icon-doc.png]
[exprostudio.com/html/medlink/dashboard-profilesetting.html]
[exprostudio.com/html/medlink/dashboard-jobslocations.html]
[exprostudio.com/html/medlink/images/thumbnails/img-22.jpg]
[exprostudio.com/html/medlink/images/attachments/img-01.jpg]
[exprostudio.com/html/medlink/images/attachments/img-02.jpg]
[exprostudio.com/html/medlink/images/attachments/img-03.jpg]
[exprostudio.com/html/medlink/images/attachments/img-04.jpg]
[exprostudio.com/html/medlink/dashboard-privatemessages.html]
[exprostudio.com/html/medlink/images/thumbnails/img-21.jpg]
[exprostudio.com/html/medlink/dashboard-appointments.html]
[exprostudio.com/html/medlink/dashboard-appoinmentsetting.html]
[exprostudio.com/html/medlink/dashboard-favoritlisting.html]
[exprostudio.com/html/medlink/dashboard-invoices.html]
[exprostudio.com/html/medlink/images/icons/icon-31.png]
[exprostudio.com/html/medlink/images/icons/icon-32.png]
[exprostudio.com/html/medlink/images/icons/icon-33.png]
[exprostudio.com/html/medlink/images/icons/icon-34.png]
[exprostudio.com/html/medlink/dashboard-upgradepackage.html]
[exprostudio.com/html/medlink/dashboard-securitysettings.html]
[exprostudio.com/html/medlink/dashboard-privacy-settings.html]
[exprostudio.com/html/medlink/images/sectionline.svg]
[exprostudio.com/html/medlink/www.mediurl.html]
[exprostudio.com/html/medlink/fonts/glyphicons-halflings-regular.svg]
[exprostudio.com/html/medlink/fonts/fontawesome-webfont5b62.svg]
[exprostudio.com/html/medlink/images/mCSB_buttons.html]
[exprostudio.com/html/medlink/images/ui-icons_444444_256x240.html]
[exprostudio.com/html/medlink/images/ui-icons_555555_256x240.html]
[exprostudio.com/html/medlink/images/ui-icons_ffffff_256x240.html]
[exprostudio.com/html/medlink/images/ui-icons_777620_256x240.html]
[exprostudio.com/html/medlink/images/ui-icons_cc0000_256x240.html]
[exprostudio.com/html/medlink/images/ui-icons_777777_256x240.html]
[exprostudio.com/html/medlink/info@domain.html]
[exprostudio.com/html/medlink/File_name01.html]
